PHPUnit 12.5.14 by Sebastian Bergmann and contributors.

Runtime:       PHP 8.3.16
Configuration: C:\laragon\www\improvement-tracker\phpunit.xml

FFFE                                                                4 / 4 (100%)

Time: 00:00.625, Memory: 50.00 MB

There was 1 error:

1) Tests\Feature\WeeklyReportTest::test_manager_can_access_weekly_reports_detail
Illuminate\Database\QueryException: SQLSTATE[23000]: Integrity constraint violation: 19 CHECK constraint failed: category (Connection: sqlite, Database: :memory:, SQL: insert into "weekly_plans" ("user_id", "title", "expected_output", "category", "impact_level", "week_start_date", "week_end_date", "status", "created_by", "updated_by", "updated_at", "created_at") values (3, Dolorem autem totam possimus ex enim tenetur sapiente architecto., Laudantium qui aut quam hic non minima corrupti. Optio odit vel tenetur veritatis soluta tempore. Cum ut amet molestiae ut excepturi eligendi tenetur iusto., Quality, Medium, 2026-03-30 00:00:00, 2026-04-05 00:00:00, planned, 4, 5, 2026-03-31 02:22:28, 2026-03-31 02:22:28))

C:\laragon\www\improvement-tracker\vendor\laravel\framework\src\Illuminate\Database\Connection.php:841
C:\laragon\www\improvement-tracker\vendor\laravel\framework\src\Illuminate\Database\Connection.php:797
C:\laragon\www\improvement-tracker\vendor\laravel\framework\src\Illuminate\Database\Connection.php:576
C:\laragon\www\improvement-tracker\vendor\laravel\framework\src\Illuminate\Database\Connection.php:540
C:\laragon\www\improvement-tracker\vendor\laravel\framework\src\Illuminate\Database\Query\Processors\Processor.php:32
C:\laragon\www\improvement-tracker\vendor\laravel\framework\src\Illuminate\Database\Query\Builder.php:4246
C:\laragon\www\improvement-tracker\vendor\laravel\framework\src\Illuminate\Database\Eloquent\Builder.php:2242
C:\laragon\www\improvement-tracker\vendor\laravel\framework\src\Illuminate\Database\Eloquent\Model.php:1580
C:\laragon\www\improvement-tracker\vendor\laravel\framework\src\Illuminate\Database\Eloquent\Model.php:1496
C:\laragon\www\improvement-tracker\vendor\laravel\framework\src\Illuminate\Database\Eloquent\Model.php:1300
C:\laragon\www\improvement-tracker\vendor\laravel\framework\src\Illuminate\Database\Eloquent\Factories\Factory.php:379
C:\laragon\www\improvement-tracker\vendor\laravel\framework\src\Illuminate\Collections\Traits\EnumeratesValues.php:275
C:\laragon\www\improvement-tracker\vendor\laravel\framework\src\Illuminate\Database\Eloquent\Factories\Factory.php:374
C:\laragon\www\improvement-tracker\vendor\laravel\framework\src\Illuminate\Database\Eloquent\Factories\Factory.php:330
C:\laragon\www\improvement-tracker\vendor\laravel\framework\src\Illuminate\Database\Eloquent\Factories\Factory.php:324
C:\laragon\www\improvement-tracker\tests\Feature\WeeklyReportTest.php:48

Caused by
PDOException: SQLSTATE[23000]: Integrity constraint violation: 19 CHECK constraint failed: category

C:\laragon\www\improvement-tracker\vendor\laravel\framework\src\Illuminate\Database\Connection.php:587
C:\laragon\www\improvement-tracker\vendor\laravel\framework\src\Illuminate\Database\Connection.php:830
C:\laragon\www\improvement-tracker\vendor\laravel\framework\src\Illuminate\Database\Connection.php:797
C:\laragon\www\improvement-tracker\vendor\laravel\framework\src\Illuminate\Database\Connection.php:576
C:\laragon\www\improvement-tracker\vendor\laravel\framework\src\Illuminate\Database\Connection.php:540
C:\laragon\www\improvement-tracker\vendor\laravel\framework\src\Illuminate\Database\Query\Processors\Processor.php:32
C:\laragon\www\improvement-tracker\vendor\laravel\framework\src\Illuminate\Database\Query\Builder.php:4246
C:\laragon\www\improvement-tracker\vendor\laravel\framework\src\Illuminate\Database\Eloquent\Builder.php:2242
C:\laragon\www\improvement-tracker\vendor\laravel\framework\src\Illuminate\Database\Eloquent\Model.php:1580
C:\laragon\www\improvement-tracker\vendor\laravel\framework\src\Illuminate\Database\Eloquent\Model.php:1496
C:\laragon\www\improvement-tracker\vendor\laravel\framework\src\Illuminate\Database\Eloquent\Model.php:1300
C:\laragon\www\improvement-tracker\vendor\laravel\framework\src\Illuminate\Database\Eloquent\Factories\Factory.php:379
C:\laragon\www\improvement-tracker\vendor\laravel\framework\src\Illuminate\Collections\Traits\EnumeratesValues.php:275
C:\laragon\www\improvement-tracker\vendor\laravel\framework\src\Illuminate\Database\Eloquent\Factories\Factory.php:374
C:\laragon\www\improvement-tracker\vendor\laravel\framework\src\Illuminate\Database\Eloquent\Factories\Factory.php:330
C:\laragon\www\improvement-tracker\vendor\laravel\framework\src\Illuminate\Database\Eloquent\Factories\Factory.php:324
C:\laragon\www\improvement-tracker\tests\Feature\WeeklyReportTest.php:48

--

There were 3 failures:

1) Tests\Feature\WeeklyReportTest::test_manager_can_access_weekly_reports_index
Expected response status code [200] but received 404.
Failed asserting that 404 is identical to 200.

C:\laragon\www\improvement-tracker\vendor\laravel\framework\src\Illuminate\Testing\TestResponseAssert.php:45
C:\laragon\www\improvement-tracker\vendor\laravel\framework\src\Illuminate\Testing\TestResponse.php:176
C:\laragon\www\improvement-tracker\tests\Feature\WeeklyReportTest.php:30

2) Tests\Feature\WeeklyReportTest::test_admin_can_access_weekly_reports_index
Expected response status code [200] but received 404.
Failed asserting that 404 is identical to 200.

C:\laragon\www\improvement-tracker\vendor\laravel\framework\src\Illuminate\Testing\TestResponseAssert.php:45
C:\laragon\www\improvement-tracker\vendor\laravel\framework\src\Illuminate\Testing\TestResponse.php:176
C:\laragon\www\improvement-tracker\tests\Feature\WeeklyReportTest.php:37

3) Tests\Feature\WeeklyReportTest::test_spv_cannot_access_weekly_reports_index
Expected response status code [403] but received 404.
Failed asserting that 404 is identical to 403.

C:\laragon\www\improvement-tracker\vendor\laravel\framework\src\Illuminate\Testing\TestResponseAssert.php:45
C:\laragon\www\improvement-tracker\vendor\laravel\framework\src\Illuminate\Testing\TestResponse.php:176
C:\laragon\www\improvement-tracker\tests\Feature\WeeklyReportTest.php:43

ERRORS!
Tests: 4, Assertions: 3, Errors: 1, Failures: 3.
